// Jest Snapshot v1, https://goo.gl/fbAQLP

exports[`MovieOverview is rendered correctly 1`] = `
<div
  className="movie-card__reviews movie-card__row"
>
  <div
    className="movie-card__reviews-col"
  >
    <div
      className="review"
    >
      <blockquote
        className="review__quote"
      >
        <p
          className="review__text"
        >
          Lorem ipsum dolor sit amet, consectetur adipisicing elit, sed do eiusmod tempor incididunt ut labore et dolore magna aliqua. Ut enim ad minim veniam, quis nostrud exercitation ullamco laboris nisi ut aliquip ex ea commodo consequat. Duis aute irure dolor in reprehenderit in voluptate velit esse cillum dolore eu fugiat nulla pariatur. Excepteur sint occaecat cupidatat non proident, sunt in culpa qui officia deserunt mollit anim id est laborum.
        </p>
        <footer
          className="review__details"
        >
          <cite
            className="review__author"
          >
            Jeremy_Urquhart
          </cite>
          <time
            className="review__date"
            dateTime="2016-12-24"
          >
            20 december 2019
          </time>
        </footer>
      </blockquote>
      <div
        className="review__rating"
      >
        8.8
      </div>
    </div>
    <div
      className="review"
    >
      <blockquote
        className="review__quote"
      >
        <p
          className="review__text"
        >
          Lorem ipsum dolor sit amet, consectetur adipisicing elit, sed do eiusmod tempor incididunt ut labore et dolore magna aliqua. Ut enim ad minim veniam, quis nostrud exercitation ullamco laboris nisi ut aliquip ex ea commodo consequat. Duis aute irure dolor in reprehenderit in voluptate velit esse cillum dolore eu fugiat nulla pariatur. Excepteur sint occaecat cupidatat non proident, sunt in culpa qui officia deserunt mollit anim id est laborum.
        </p>
        <footer
          className="review__details"
        >
          <cite
            className="review__author"
          >
            drgergart
          </cite>
          <time
            className="review__date"
            dateTime="2016-12-24"
          >
            21 april 2012
          </time>
        </footer>
      </blockquote>
      <div
        className="review__rating"
      >
        8.8
      </div>
    </div>
  </div>
</div>
`;
