// Jest Snapshot v1, https://goo.gl/fbAQLP

exports[`withVideo is rendered correctly 1`] = `
<video
  className="player__video"
  muted={true}
  poster="img/player-poster.jpg"
/>
`;
