// Jest Snapshot v1, https://goo.gl/fbAQLP

exports[`withFormValidation is rendered correctly 1`] = `<div />`;
