// Jest Snapshot v1, https://goo.gl/fbAQLP

exports[`Tabs is rendered correctly 1`] = `
Array [
  <nav
    className="movie-nav movie-card__nav"
  >
    <ul
      className="movie-nav__list"
    >
      <li
        className="movie-nav__item movie-nav__item--active"
      >
        <a
          className="movie-nav__link"
          href="#"
          onClick={[Function]}
        >
          Overview
        </a>
      </li>
      <li
        className="movie-nav__item"
      >
        <a
          className="movie-nav__link"
          href="#"
          onClick={[Function]}
        >
          Details
        </a>
      </li>
      <li
        className="movie-nav__item"
      >
        <a
          className="movie-nav__link"
          href="#"
          onClick={[Function]}
        >
          Reviews
        </a>
      </li>
    </ul>
  </nav>,
  <div
    className="movie-rating"
  >
    <div
      className="movie-rating__score"
    >
      8.6
    </div>
    <p
      className="movie-rating__meta"
    >
      <span
        className="movie-rating__level"
      >
        Very Good
      </span>
      <span
        className="movie-rating__count"
      >
        227900
         ratings
      </span>
    </p>
  </div>,
  <div
    className="movie-card__text"
  >
    <p>
      A poor family, the Kims, con their way into becoming the servants of a rich family, the Parks. But their easy life gets complicated when their deception is threatened with exposure.
    </p>
    <p
      className="movie-card__director"
    >
      <strong>
        Director: 
        Bong Joon Ho
      </strong>
    </p>
    <p
      className="movie-card__starring"
    >
      <strong>
        Starring: 
        Kang-ho Song, Sun-kyun Lee, Yeo-jeong Jo
         and other
      </strong>
    </p>
  </div>,
]
`;
