// Jest Snapshot v1, https://goo.gl/fbAQLP

exports[`MoreMovies is rendered correctly 1`] = `
<div
  className="page-content"
>
  <section
    className="catalog catalog--like-this"
  >
    <h2
      className="catalog__title"
    >
      More like this
    </h2>
    <div
      className="catalog__movies-list"
    >
      <article
        className="small-movie-card catalog__movies-card"
        onClick={[Function]}
        onMouseEnter={[Function]}
        onMouseLeave={[Function]}
      >
        <a
          href="/films/1"
          onClick={[Function]}
        >
          <div
            className="small-movie-card__image"
          >
            <img
              alt="Parasite"
              height={175}
              src="https://m.media-amazon.com/images/M/MV5BYWZjMjk3ZTItODQ2ZC00NTY5LWE0ZDYtZTI3MjcwN2Q5NTVkXkEyXkFqcGdeQXVyODk4OTc3MTY@._V1_SY1000_CR0,0,674,1000_AL_.jpg"
              width={280}
            />
          </div>
          <h3
            className="small-movie-card__title"
          >
            <p
              className="small-movie-card__link"
            >
              Parasite
            </p>
          </h3>
        </a>
      </article>
      <article
        className="small-movie-card catalog__movies-card"
        onClick={[Function]}
        onMouseEnter={[Function]}
        onMouseLeave={[Function]}
      >
        <a
          href="/films/2"
          onClick={[Function]}
        >
          <div
            className="small-movie-card__image"
          >
            <img
              alt="Jojo Rabbit"
              height={175}
              src="https://m.media-amazon.com/images/M/MV5BZjU0Yzk2MzEtMjAzYy00MzY0LTg2YmItM2RkNzdkY2ZhN2JkXkEyXkFqcGdeQXVyNDg4NjY5OTQ@._V1_SY1000_SX667_AL_.jpg"
              width={280}
            />
          </div>
          <h3
            className="small-movie-card__title"
          >
            <p
              className="small-movie-card__link"
            >
              Jojo Rabbit
            </p>
          </h3>
        </a>
      </article>
      <article
        className="small-movie-card catalog__movies-card"
        onClick={[Function]}
        onMouseEnter={[Function]}
        onMouseLeave={[Function]}
      >
        <a
          href="/films/4"
          onClick={[Function]}
        >
          <div
            className="small-movie-card__image"
          >
            <img
              alt="Joker"
              height={175}
              src="https://m.media-amazon.com/images/M/MV5BNGVjNWI4ZGUtNzE0MS00YTJmLWE0ZDctN2ZiYTk2YmI3NTYyXkEyXkFqcGdeQXVyMTkxNjUyNQ@@._V1_SY1000_CR0,0,674,1000_AL_.jpg"
              width={280}
            />
          </div>
          <h3
            className="small-movie-card__title"
          >
            <p
              className="small-movie-card__link"
            >
              Joker
            </p>
          </h3>
        </a>
      </article>
      <article
        className="small-movie-card catalog__movies-card"
        onClick={[Function]}
        onMouseEnter={[Function]}
        onMouseLeave={[Function]}
      >
        <a
          href="/films/5"
          onClick={[Function]}
        >
          <div
            className="small-movie-card__image"
          >
            <img
              alt="Uncut Gems"
              height={175}
              src="https://m.media-amazon.com/images/M/MV5BZDhkMjUyYjItYWVkYi00YTM5LWE4MGEtY2FlMjA3OThlYmZhXkEyXkFqcGdeQXVyODk4OTc3MTY@._V1_SY1000_CR0,0,640,1000_AL_.jpg"
              width={280}
            />
          </div>
          <h3
            className="small-movie-card__title"
          >
            <p
              className="small-movie-card__link"
            >
              Uncut Gems
            </p>
          </h3>
        </a>
      </article>
    </div>
  </section>
  <footer
    className="page-footer"
  >
    <div
      className="logo"
    >
      <a
        className="logo__link logo__link--light"
        href="main.html"
      >
        <span
          className="logo__letter logo__letter--1"
        >
          W
        </span>
        <span
          className="logo__letter logo__letter--2"
        >
          T
        </span>
        <span
          className="logo__letter logo__letter--3"
        >
          W
        </span>
      </a>
    </div>
    <div
      className="copyright"
    >
      <p>
        Â© 2019 What to watch Ltd.
      </p>
    </div>
  </footer>
</div>
`;
