// Jest Snapshot v1, https://goo.gl/fbAQLP

exports[`AddReview is rendered correctly 1`] = `
<section
  className="movie-card movie-card--full"
>
  <div
    className="movie-card__header"
  >
    <div
      className="movie-card__bg"
    >
      <img
        alt="Parasite"
        src="https://m.media-amazon.com/images/M/MV5BYWZjMjk3ZTItODQ2ZC00NTY5LWE0ZDYtZTI3MjcwN2Q5NTVkXkEyXkFqcGdeQXVyODk4OTc3MTY@._V1_SY1000_CR0,0,674,1000_AL_.jpg"
      />
    </div>
    <h1
      className="visually-hidden"
    >
      WTW
    </h1>
    <header
      className="page-header"
    >
      <div
        className="logo"
      >
        <a
          className="logo__link"
          href="/"
          onClick={[Function]}
        >
          <span
            className="logo__letter logo__letter--1"
          >
            W
          </span>
          <span
            className="logo__letter logo__letter--2"
          >
            T
          </span>
          <span
            className="logo__letter logo__letter--3"
          >
            W
          </span>
        </a>
      </div>
      <nav
        className="breadcrumbs"
      >
        <ul
          className="breadcrumbs__list"
        >
          <li
            className="breadcrumbs__item"
          >
            <a
              className="breadcrumbs__link"
              href="movie-page.html"
              onClick={[Function]}
            >
              Parasite
            </a>
          </li>
          <li
            className="breadcrumbs__item"
          >
            <a
              className="breadcrumbs__link"
            >
              Add review
            </a>
          </li>
        </ul>
      </nav>
      <div
        className="user-block"
      >
        <div
          className="user-block__avatar"
        >
          <a
            href="/mylist"
            onClick={[Function]}
          >
            <img
              alt="User avatar"
              height="63"
              src="https://htmlacademy-react-3.appspot.com//wtw/static/avatar/8.jpg"
              width="63"
            />
          </a>
        </div>
      </div>
    </header>
    <div
      className="movie-card__poster movie-card__poster--small"
    >
      <img
        alt="Parasite poster"
        height={327}
        src="https://m.media-amazon.com/images/M/MV5BYWZjMjk3ZTItODQ2ZC00NTY5LWE0ZDYtZTI3MjcwN2Q5NTVkXkEyXkFqcGdeQXVyODk4OTc3MTY@._V1_SY1000_CR0,0,674,1000_AL_.jpg"
        width={218}
      />
    </div>
  </div>
  <div
    className="add-review"
  >
    <form
      action="#"
      className="add-review__form"
    >
      <div
        className="rating"
      >
        <div
          className="rating__stars"
        >
          <input
            className="rating__input"
            defaultValue={1}
            id="star-1"
            name="rating"
            onChange={[Function]}
            type="radio"
          />
          <label
            className="rating__label"
            htmlFor="star-1"
          >
            Rating 1
          </label>
          <input
            className="rating__input"
            defaultValue={2}
            id="star-2"
            name="rating"
            onChange={[Function]}
            type="radio"
          />
          <label
            className="rating__label"
            htmlFor="star-2"
          >
            Rating 2
          </label>
          <input
            className="rating__input"
            defaultChecked={true}
            defaultValue={3}
            id="star-3"
            name="rating"
            onChange={[Function]}
            type="radio"
          />
          <label
            className="rating__label"
            htmlFor="star-3"
          >
            Rating 3
          </label>
          <input
            className="rating__input"
            defaultValue={4}
            id="star-4"
            name="rating"
            onChange={[Function]}
            type="radio"
          />
          <label
            className="rating__label"
            htmlFor="star-4"
          >
            Rating 4
          </label>
          <input
            className="rating__input"
            defaultValue={5}
            id="star-5"
            name="rating"
            onChange={[Function]}
            type="radio"
          />
          <label
            className="rating__label"
            htmlFor="star-5"
          >
            Rating 5
          </label>
        </div>
      </div>
      <div
        className="add-review__text"
      >
        <textarea
          className="add-review__textarea"
          defaultValue=""
          id="review-text"
          name="review-text"
          onChange={[Function]}
          placeholder="Review text"
        />
        <div
          className="add-review__submit"
        >
          <button
            className="add-review__btn"
            disabled={false}
            onClick={[Function]}
            type="submit"
          >
            Post
          </button>
        </div>
      </div>
    </form>
  </div>
</section>
`;
