// Jest Snapshot v1, https://goo.gl/fbAQLP

exports[`withFormValue is rendered correctly 1`] = `<div />`;
